<html>
<body>
<pre>
<h1>�Vision Build Log</h1>
<h2>Tool Versions:</h2>
IDE-Version: ��Vision V5.36.0.0
Copyright (C) 2021 ARM Ltd and ARM Germany GmbH. All rights reserved.
License Information: qian 22575, hangzhou dianzi university, LIC=LSNXV-P0X8T-HLPCL-0AK50-B6KJ4-51QSX
 
Tool Versions:
Toolchain:       MDK-ARM Plus  Version: 5.36.0.0
Toolchain Path:  C:\Keil_v5\ARM\ARMCLANG\Bin
C Compiler:      ArmClang.exe V6.16
Assembler:       Armasm.exe V6.16
Linker/Locator:  ArmLink.exe V6.16
Library Manager: ArmAr.exe V6.16
Hex Converter:   FromElf.exe V6.16
CPU DLL:         SARMCM3.DLL V5.36.0.0
Dialog DLL:      DCM.DLL V1.17.3.0
Target DLL:      CMSIS_AGDI.dll V1.33.0.0
Dialog DLL:      TCM.DLL V1.53.0.0
 
<h2>Project:</h2>
d:\Work\STM32\sbqrssj\wzh_short_semester\Short_Semester\Fire_Theft_Monitor\MDK-ARM\Fire_Theft_Monitor.uvprojx
Project File Date:  04/26/2024

<h2>Output:</h2>
*** Using Compiler 'V6.16', folder: 'C:\Keil_v5\ARM\ARMCLANG\Bin'
Build target 'Fire_Theft_Monitor'
compiling stm32f4xx_hal_flash_ramfunc.c...
assembling startup_stm32f407xx.s...
compiling stm32f4xx_hal_msp.c...
compiling gpio.c...
compiling main.c...
compiling usart.c...
compiling stm32f4xx_it.c...
compiling stm32f4xx_hal_flash.c...
compiling tim.c...
compiling stm32f4xx_hal_timebase_tim.c...
compiling stm32f4xx_hal_flash_ex.c...
compiling spi.c...
compiling stm32f4xx_hal_rcc.c...
compiling stm32f4xx_hal_rcc_ex.c...
compiling freertos.c...
compiling stm32f4xx_hal_gpio.c...
compiling stm32f4xx_hal_dma.c...
compiling stm32f4xx_hal_pwr_ex.c...
compiling stm32f4xx_hal_dma_ex.c...
compiling stm32f4xx_hal_pwr.c...
compiling stm32f4xx_hal_cortex.c...
compiling stm32f4xx_hal_exti.c...
compiling stm32f4xx_hal.c...
compiling stm32f4xx_hal_spi.c...
compiling event_groups.c...
compiling croutine.c...
compiling list.c...
compiling system_stm32f4xx.c...
compiling stm32f4xx_hal_uart.c...
compiling stm32f4xx_hal_tim_ex.c...
compiling queue.c...
compiling stream_buffer.c...
compiling stm32f4xx_hal_tim.c...
compiling timers.c...
compiling heap_4.c...
compiling tasks.c...
compiling mui.c...
compiling port.c...
compiling cmsis_os2.c...
compiling u8g2_arc.c...
compiling u8g2_buffer.c...
compiling u8g2_bitmap.c...
compiling mui_u8g2.c...
compiling u8g2_box.c...
compiling u8g2_circle.c...
compiling u8g2_cleardisplay.c...
compiling u8g2_button.c...
compiling u8g2_d_memory.c...
compiling u8g2_d_setup.c...
compiling u8g2_font.c...
compiling u8g2_hvline.c...
compiling u8g2_intersection.c...
compiling u8g2_message.c...
compiling u8g2_fonts.c...
compiling u8g2_ll_hvline.c...
compiling u8g2_line.c...
compiling u8g2_kerning.c...
compiling u8g2_selection_list.c...
compiling u8g2_setup.c...
compiling u8log_u8g2.c...
compiling u8log.c...
compiling u8g2_polygon.c...
compiling u8g2_input_value.c...
compiling u8log_u8x8.c...
compiling u8x8_8x8.c...
compiling u8x8_cad.c...
compiling u8x8_byte.c...
compiling u8x8_input_value.c...
compiling u8x8_debounce.c...
compiling u8x8_d_ssd1306_128x64_noname.c...
compiling u8x8_fonts.c...
compiling u8x8_gpio.c...
compiling u8x8_message.c...
compiling u8x8_capture.c...
compiling u8x8_display.c...
compiling u8x8_u16toa.c...
compiling u8x8_setup.c...
compiling u8x8_selection_list.c...
compiling u8x8_string.c...
compiling u8x8_u8toa.c...
compiling Device.c...
compiling Stm32_u8g2.c...
compiling DS_18B20.c...
compiling UI.c...
compiling Transform_3D.c...
compiling 3D_Rotateapplication.c...
compiling w25qxx.c...
compiling MPU6050.c...
compiling STM32_I2C.c...
../Drivers/Hardware/ESP01/ESP01.c(48): warning: illegal character encoding in string literal [-Winvalid-source-encoding]
        printf("<CD>˳<F6>ESP01ģ<BF><E9><U+0378><B4><AB>ģʽ...\n");
                ^~~~ ~~~~      ~~~~~~~~        ~~~~~~~~
../Drivers/Hardware/ESP01/ESP01.c(51): warning: illegal character encoding in string literal [-Winvalid-source-encoding]
        printf("<B2><E2><CA><D4>ESP01ģ<BF><E9><CA>Ƿ<F1><B4><E6><D4><DA>...\n");
                ^~~~~~~~~~~~~~~~      ~~~~~~~~~~~~ ~~~~~~~~~~~~~~~~~~~~
../Drivers/Hardware/ESP01/ESP01.c(56): warning: illegal character encoding in string literal [-Winvalid-source-encoding]
                printf("<B9>ر<D5>ģ<BF><E9><BB><D8><CF><D4>\n");
                        ^~~~ ~~~~ ~~~~~~~~~~~~~~~~~~~~~~~~
../Drivers/Hardware/ESP01/ESP01.c(58): warning: illegal character encoding in string literal [-Winvalid-source-encoding]
                printf("<B2><U+9FF4>ģ<BF><E9><B0>汾<D0><C5>Ϣ...\n");
                        ^~~~         ~~~~~~~~~~~~  ~~~~~~~~
../Drivers/Hardware/ESP01/ESP01.c(61): warning: illegal character encoding in string literal [-Winvalid-source-encoding]
                printf("<BF><AA><C6><F4>AP+STAģʽ\n");
                        ^~~~~~~~~~~~~~~~
../Drivers/Hardware/ESP01/ESP01.c(64): warning: illegal character encoding in string literal [-Winvalid-source-encoding]
                printf("<B2><E9>ѯSSID\n");
                        ^~~~~~~~
../Drivers/Hardware/ESP01/ESP01.c(67): warning: illegal character encoding in string literal [-Winvalid-source-encoding]
                printf("<B2><E9>ѯ<B5><B1>ǰ<C1><AC><BD>ӵ<C4><C8>ȵ<E3>\n");
                        ^~~~~~~~ ~~~~~~~~ ~~~~~~~~~~~~ ~~~~~~~~ ~~~~
../Drivers/Hardware/ESP01/ESP01.c(74): warning: illegal character encoding in string literal [-Winvalid-source-encoding]
                        printf("<C1><AC><BD><D3>WiFi<C8>ȵ<E3>\n");
                                ^~~~~~~~~~~~~~~~    ~~~~ ~~~~
../Drivers/Hardware/ESP01/ESP01.c(84): warning: illegal character encoding in string literal [-Winvalid-source-encoding]
                        printf("<B2><E9>ѯ<C9>豸IP\n");
                                ^~~~~~~~ ~~~~
../Drivers/Hardware/ESP01/ESP01.c(87): warning: illegal character encoding in string literal [-Winvalid-source-encoding]
                        printf("<B2><E9>ѯ<B5><B1>ǰ<C1><AC><BD>ӵ<C4>TCP<B7><FE><CE><F1><C6><F7>\n");
                                ^~~~~~~~ ~~~~~~~~ ~~~~~~~~~~~~ ~~~~   ~~~~~~~~~~~~~~~~~~~~~~~~
../Drivers/Hardware/ESP01/ESP01.c(90): warning: illegal character encoding in string literal [-Winvalid-source-encoding]
                        printf("<C1><AC><BD><D3>Զ<B3><CC>TCP<B7><FE><CE><F1><C6><F7>...\n");
                                ^~~~~~~~~~~~~~~~ ~~~~~~~~   ~~~~~~~~~~~~~~~~~~~~~~~~
../Drivers/Hardware/ESP01/ESP01.c(93): warning: illegal character encoding in string literal [-Winvalid-source-encoding]
                        printf("<BF><AA><C6><F4><U+0378><B4><AB>ģʽ\n");
                                ^~~~~~~~~~~~~~~~        ~~~~~~~~
../Drivers/Hardware/ESP01/ESP01.c(95): warning: illegal character encoding in string literal [-Winvalid-source-encoding]
                        printf("<BF><AA>ʼ<U+0378><B4><AB>\n");
                                ^~~~~~~~         ~~~~~~~~
13 warnings generated.
compiling ESP01.c...
compiling inv_mpu_dmp_motion_driver.c...
compiling inv_mpu.c...
linking...
Program Size: Code=65066 RO-data=304974 RW-data=252 ZI-data=43028  
FromELF: creating hex file...
"Fire_Theft_Monitor\Fire_Theft_Monitor.axf" - 0 Error(s), 13 Warning(s).

<h2>Software Packages used:</h2>

Package Vendor: ARM
                http://www.keil.com/pack/ARM.CMSIS.5.8.0.pack
                ARM.CMSIS.5.8.0
                CMSIS (Common Microcontroller Software Interface Standard)
   * Component: CORE Version: 5.5.0

Package Vendor: Keil
                http://www.keil.com/pack/Keil.STM32F4xx_DFP.2.15.0.pack
                Keil.STM32F4xx_DFP.2.15.0
                STMicroelectronics STM32F4 Series Device Support, Drivers and Examples

<h2>Collection of Component include folders:</h2>
  .\RTE\_Fire_Theft_Monitor
  C:\Users\22575\AppData\Local\Arm\Packs\ARM\CMSIS\5.8.0\CMSIS\Core\Include
  C:\Users\22575\AppData\Local\Arm\Packs\Keil\STM32F4xx_DFP\2.15.0\Drivers\CMSIS\Device\ST\STM32F4xx\Include

<h2>Collection of Component Files used:</h2>

   * Component: ARM::CMSIS:CORE:5.5.0
      Include file:  CMSIS\Core\Include\tz_context.h
Build Time Elapsed:  00:00:18
</pre>
</body>
</html>
