<html>
<body>
<pre>
<h1>µVision Build Log</h1>
<h2>Tool Versions:</h2>
IDE-Version: ¦ÌVision V5.38.0.0
Copyright (C) 2022 ARM Ltd and ARM Germany GmbH. All rights reserved.
License Information: 123 Lenovo, 123, LIC=IK1BF-63HFL-FWS2N-YWRW7-Y9SMP-4JGZI
 
Tool Versions:
Toolchain:       MDK-ARM Plus  Version: 5.38.0.0
Toolchain Path:  D:\ProgramFiles\Keil5\ARM\ARMCLANG\Bin
C Compiler:      ArmClang.exe V6.19
Assembler:       Armasm.exe V6.19
Linker/Locator:  ArmLink.exe V6.19
Library Manager: ArmAr.exe V6.19
Hex Converter:   FromElf.exe V6.19
CPU DLL:         SARMCM3.DLL V5.38.0.0
Dialog DLL:      DCM.DLL V1.17.5.0
Target DLL:      CMSIS_AGDI.dll V1.33.15.0
Dialog DLL:      TCM.DLL V1.56.4.0
 
<h2>Project:</h2>
d:\Programming_file\stm32\Short_Semester\Fire_Theft_Monitor\MDK-ARM\Fire_Theft_Monitor.uvprojx
Project File Date:  04/01/2024

<h2>Output:</h2>
*** Using Compiler 'V6.19', folder: 'D:\ProgramFiles\Keil5\ARM\ARMCLANG\Bin'
Build target 'Fire_Theft_Monitor'
compiling Device.c...
linking...
Program Size: Code=62822 RO-data=301314 RW-data=240 ZI-data=38008  
FromELF: creating hex file...
"Fire_Theft_Monitor\Fire_Theft_Monitor.axf" - 0 Error(s), 0 Warning(s).

<h2>Software Packages used:</h2>

Package Vendor: ARM
                http://www.keil.com/pack/ARM.CMSIS.5.9.0.pack
                ARM.CMSIS.5.9.0
                CMSIS (Common Microcontroller Software Interface Standard)
   * Component: CORE Version: 5.6.0

Package Vendor: Keil
                https://www.keil.com/pack/Keil.STM32F4xx_DFP.2.17.1.pack
                Keil.STM32F4xx_DFP.2.17.1
                STMicroelectronics STM32F4 Series Device Support, Drivers and Examples

<h2>Collection of Component include folders:</h2>
  ./RTE/_Fire_Theft_Monitor
  D:/ProgramFiles/Keil5/PACKS/ARM/CMSIS/5.9.0/CMSIS/Core/Include
  D:/ProgramFiles/Keil5/PACKS/Keil/STM32F4xx_DFP/2.17.1/Drivers/CMSIS/Device/ST/STM32F4xx/Include

<h2>Collection of Component Files used:</h2>

   * Component: ARM::CMSIS:CORE:5.6.0
      Include file:  CMSIS/Core/Include/tz_context.h
Build Time Elapsed:  00:00:03
</pre>
</body>
</html>
